// Jest Snapshot v1, https://goo.gl/fbAQLP

exports[`renders correctly 1`] = `
<div
  className="block"
>
  <img
    alt="React"
    className="poster"
    src="logo192.png"
  />
  <div>
    <div
      className="title-and-rating"
    >
      <h1
        className="title title"
      >
        React
      </h1>
      <h3
        className="rating rating"
      >
        8.9
      </h3>
    </div>
    <h4
      className="subtitle genre"
    >
      Adventure
    </h4>
    <div
      className="year-and-timing"
    >
      <h2
        className="key-detail year"
      >
        2022
      </h2>
      <h2
        className="key-detail timing"
      >
        2h 34min
      </h2>
    </div>
    <p
      className="description description"
    >
      Whether you work on your own or with thousands of other developers, using React feels the same. It is designed to let you seamlessly combine components written by independent people, teams, and organizations.
    </p>
  </div>
</div>
`;
